
> metallic-nova@0.1.0 build E:\Full Complete Projects\web-native-3d-office-assistant
> next build

node.exe : [baseline-br
owser-mapping] The 
data in this module is 
over two months old.  
To ensure accurate 
Baseline data, please 
update: `npm i baseline
-browser-mapping@latest
 -D`
At C:\Users\dulit\AppDa
ta\Roaming\npm\pnpm.ps1
:24 char:5
+     & "node$exe"  "$b
asedir/node_modules/pnp
m/bin/pnpm.cjs" $args
+     ~~~~~~~~~~~~~~~~~
~~~~~~~~~~~~~~~~~~~~~~~
~~~~~~~~~~~~~~~~~~~~~
    + CategoryInfo     
         : NotSpecifi  
  ed: ([baseline-bro   
 ws...ping@latest -    
D`:String) [], Rem    
oteException
    + FullyQualifiedEr 
   rorId : NativeComm  
  andError
 
   Γû▓ Next.js 16.0.7 (Turbopack)
   - Environments: .env.local

   Creating an optimized production build ...
[baseline-browser-mappi
ng] The data in this 
module is over two 
months old.  To ensure 
accurate Baseline 
data, please update: 
`npm i baseline-browser
-mapping@latest -D`
 Γ£ô Compiled successfully in 23.9s
   Running TypeScript ...
Failed to compile.

./src/components/Experi
ments/ClothScene.tsx:5:
69
Type error: Cannot 
find module 
'@react-three/cannon' 
or its corresponding 
type declarations.

[0m [90m 3 |[39m 
[36mimport[39m { [33
mCanvas[39m[33m,[39m
 useFrame } 
[36mfrom[39m [32m'@r
eact-three/fiber'[39m
 [90m 4 |[39m 
[36mimport[39m { [33
mOrbitControls[39m } 
[36mfrom[39m [32m'@r
eact-three/drei'[39m
[31m[1m>[22m[39m[9
0m 5 |[39m 
[36mimport[39m { [33
mPhysics[39m[33m,[39
m useSphere[33m,[39m 
usePlane[33m,[39m 
useDistanceConstraint 
} [36mfrom[39m [32m'
@react-three/cannon'[3
9m
 [90m   |[39m        
                       
                       
               
[31m[1m^[22m[39m
 [90m 6 |[39m 
[36mimport[39m { 
useRef[33m,[39m 
useMemo } 
[36mfrom[39m 
[32m'react'[39m
 [90m 7 |[39m 
[36mimport[39m 
[33m*[39m 
[36mas[39m 
[33mTHREE[39m 
[36mfrom[39m 
[32m'three'[39m
 [90m 8 |[39m[0m
Next.js build worker 
exited with code: 1 
and signal: null
ΓÇëELIFECYCLEΓÇë Command failed with exit code 1.
