src/components/unuseFiles/SocialWorkHub.tsx(229,26): error TS2345: Argument of type '{ id: string; type: string; position: Vector3; rotation: Quaternion; }[]' is not assignable to parameter of type '{ id: string; type: "file" | "laptop" | "pendrive" | "printer" | "coffeecup" | "generic" | "chair" | "whiteboard" | "projector_screen" | "tv" | "coffee_machine" | "telephone" | "pc" | "door" | "switch"; ... 6 more ...; meshRef?: Object3D<...> | undefined; }[]'.
  Type '{ id: string; type: string; position: Vector3; rotation: Quaternion; }' is not assignable to type '{ id: string; type: "file" | "laptop" | "pendrive" | "printer" | "coffeecup" | "generic" | "chair" | "whiteboard" | "projector_screen" | "tv" | "coffee_machine" | "telephone" | "pc" | "door" | "switch"; ... 6 more ...; meshRef?: Object3D<...> | undefined; }'.
    Types of property 'type' are incompatible.
      Type 'string' is not assignable to type '"file" | "laptop" | "pendrive" | "printer" | "coffeecup" | "generic" | "chair" | "whiteboard" | "projector_screen" | "tv" | "coffee_machine" | "telephone" | "pc" | "door" | "switch"'.
